/home/realtek/extra_space/hank/Google_interop_20220118/ambz2_sdk/project/realtek_amebaz2_v0_example/GCC-RELEASE/../../../third_party/connectedhomeip/examples/thermostat/ameba/main/include/DeviceCallbacks.h:33:7:DeviceCallbacks::~DeviceCallbacks()	0	static
/home/realtek/extra_space/hank/Google_interop_20220118/ambz2_sdk/tools/arm-none-eabi-gcc/asdk/linux/newlib/arm-none-eabi/include/c++/10.3.0/bits/stl_tree.h:1913:5:void std::_Rb_tree<_Key, _Val, _KeyOfValue, _Compare, _Alloc>::_M_erase(std::_Rb_tree<_Key, _Val, _KeyOfValue, _Compare, _Alloc>::_Link_type) [with _Key = unsigned char; _Val = std::pair<const unsigned char, chip::OptionalQRCodeInfoExtension>; _KeyOfValue = std::_Select1st<std::pair<const unsigned char, chip::OptionalQRCodeInfoExtension> >; _Compare = std::less<unsigned char>; _Alloc = std::allocator<std::pair<const unsigned char, chip::OptionalQRCodeInfoExtension> >]	16	static
/home/realtek/extra_space/hank/Google_interop_20220118/ambz2_sdk/tools/arm-none-eabi-gcc/asdk/linux/newlib/arm-none-eabi/include/c++/10.3.0/bits/stl_tree.h:1913:5:void std::_Rb_tree<_Key, _Val, _KeyOfValue, _Compare, _Alloc>::_M_erase(std::_Rb_tree<_Key, _Val, _KeyOfValue, _Compare, _Alloc>::_Link_type) [with _Key = unsigned char; _Val = std::pair<const unsigned char, chip::OptionalQRCodeInfo>; _KeyOfValue = std::_Select1st<std::pair<const unsigned char, chip::OptionalQRCodeInfo> >; _Compare = std::less<unsigned char>; _Alloc = std::allocator<std::pair<const unsigned char, chip::OptionalQRCodeInfo> >]	16	static
/home/realtek/extra_space/hank/Google_interop_20220118/ambz2_sdk/tools/arm-none-eabi-gcc/asdk/linux/newlib/arm-none-eabi/include/c++/10.3.0/bits/basic_string.h:448:7:std::__cxx11::basic_string<_CharT, _Traits, _Alloc>::basic_string(const std::__cxx11::basic_string<_CharT, _Traits, _Alloc>&) [with _CharT = char; _Traits = std::char_traits<char>; _Alloc = std::allocator<char>]	24	static
/home/realtek/extra_space/hank/Google_interop_20220118/ambz2_sdk/project/realtek_amebaz2_v0_example/GCC-RELEASE/../../../third_party/connectedhomeip/examples/thermostat/ameba/main/chipinterface.cpp:65:5:static void<lambda(Identify*)>::_FUN(Identify*)	0	static
/home/realtek/extra_space/hank/Google_interop_20220118/ambz2_sdk/project/realtek_amebaz2_v0_example/GCC-RELEASE/../../../third_party/connectedhomeip/examples/thermostat/ameba/main/chipinterface.cpp:64:5:static void<lambda(Identify*)>::_FUN(Identify*)	0	static
/home/realtek/extra_space/hank/Google_interop_20220118/ambz2_sdk/project/realtek_amebaz2_v0_example/GCC-RELEASE/../../../third_party/connectedhomeip/examples/thermostat/ameba/main/chipinterface.cpp:58:5:static void<lambda(Identify*)>::_FUN(Identify*)	0	static
/home/realtek/extra_space/hank/Google_interop_20220118/ambz2_sdk/project/realtek_amebaz2_v0_example/GCC-RELEASE/../../../third_party/connectedhomeip/examples/thermostat/ameba/main/chipinterface.cpp:57:5:static void<lambda(Identify*)>::_FUN(Identify*)	0	static
/home/realtek/extra_space/hank/Google_interop_20220118/ambz2_sdk/tools/arm-none-eabi-gcc/asdk/linux/newlib/arm-none-eabi/include/c++/10.3.0/bits/stl_tree.h:660:2:std::_Rb_tree_node<_Val>* std::_Rb_tree<_Key, _Val, _KeyOfValue, _Compare, _Alloc>::_M_clone_node(std::_Rb_tree<_Key, _Val, _KeyOfValue, _Compare, _Alloc>::_Const_Link_type, _NodeGen&) [with _NodeGen = std::_Rb_tree<unsigned char, std::pair<const unsigned char, chip::OptionalQRCodeInfo>, std::_Select1st<std::pair<const unsigned char, chip::OptionalQRCodeInfo> >, std::less<unsigned char>, std::allocator<std::pair<const unsigned char, chip::OptionalQRCodeInfo> > >::_Alloc_node; _Key = unsigned char; _Val = std::pair<const unsigned char, chip::OptionalQRCodeInfo>; _KeyOfValue = std::_Select1st<std::pair<const unsigned char, chip::OptionalQRCodeInfo> >; _Compare = std::less<unsigned char>; _Alloc = std::allocator<std::pair<const unsigned char, chip::OptionalQRCodeInfo> >]	16	static
/home/realtek/extra_space/hank/Google_interop_20220118/ambz2_sdk/tools/arm-none-eabi-gcc/asdk/linux/newlib/arm-none-eabi/include/c++/10.3.0/bits/stl_tree.h:1877:7:std::_Rb_tree_node<_Val>* std::_Rb_tree<_Key, _Val, _KeyOfValue, _Compare, _Alloc>::_M_copy(std::_Rb_tree<_Key, _Val, _KeyOfValue, _Compare, _Alloc>::_Const_Link_type, std::_Rb_tree<_Key, _Val, _KeyOfValue, _Compare, _Alloc>::_Base_ptr, _NodeGen&) [with _NodeGen = std::_Rb_tree<unsigned char, std::pair<const unsigned char, chip::OptionalQRCodeInfo>, std::_Select1st<std::pair<const unsigned char, chip::OptionalQRCodeInfo> >, std::less<unsigned char>, std::allocator<std::pair<const unsigned char, chip::OptionalQRCodeInfo> > >::_Alloc_node; _Key = unsigned char; _Val = std::pair<const unsigned char, chip::OptionalQRCodeInfo>; _KeyOfValue = std::_Select1st<std::pair<const unsigned char, chip::OptionalQRCodeInfo> >; _Compare = std::less<unsigned char>; _Alloc = std::allocator<std::pair<const unsigned char, chip::OptionalQRCodeInfo> >]	24	static
/home/realtek/extra_space/hank/Google_interop_20220118/ambz2_sdk/tools/arm-none-eabi-gcc/asdk/linux/newlib/arm-none-eabi/include/c++/10.3.0/bits/stl_tree.h:660:2:std::_Rb_tree_node<_Val>* std::_Rb_tree<_Key, _Val, _KeyOfValue, _Compare, _Alloc>::_M_clone_node(std::_Rb_tree<_Key, _Val, _KeyOfValue, _Compare, _Alloc>::_Const_Link_type, _NodeGen&) [with _NodeGen = std::_Rb_tree<unsigned char, std::pair<const unsigned char, chip::OptionalQRCodeInfoExtension>, std::_Select1st<std::pair<const unsigned char, chip::OptionalQRCodeInfoExtension> >, std::less<unsigned char>, std::allocator<std::pair<const unsigned char, chip::OptionalQRCodeInfoExtension> > >::_Alloc_node; _Key = unsigned char; _Val = std::pair<const unsigned char, chip::OptionalQRCodeInfoExtension>; _KeyOfValue = std::_Select1st<std::pair<const unsigned char, chip::OptionalQRCodeInfoExtension> >; _Compare = std::less<unsigned char>; _Alloc = std::allocator<std::pair<const unsigned char, chip::OptionalQRCodeInfoExtension> >]	16	static
/home/realtek/extra_space/hank/Google_interop_20220118/ambz2_sdk/tools/arm-none-eabi-gcc/asdk/linux/newlib/arm-none-eabi/include/c++/10.3.0/bits/stl_tree.h:1877:7:std::_Rb_tree_node<_Val>* std::_Rb_tree<_Key, _Val, _KeyOfValue, _Compare, _Alloc>::_M_copy(std::_Rb_tree<_Key, _Val, _KeyOfValue, _Compare, _Alloc>::_Const_Link_type, std::_Rb_tree<_Key, _Val, _KeyOfValue, _Compare, _Alloc>::_Base_ptr, _NodeGen&) [with _NodeGen = std::_Rb_tree<unsigned char, std::pair<const unsigned char, chip::OptionalQRCodeInfoExtension>, std::_Select1st<std::pair<const unsigned char, chip::OptionalQRCodeInfoExtension> >, std::less<unsigned char>, std::allocator<std::pair<const unsigned char, chip::OptionalQRCodeInfoExtension> > >::_Alloc_node; _Key = unsigned char; _Val = std::pair<const unsigned char, chip::OptionalQRCodeInfoExtension>; _KeyOfValue = std::_Select1st<std::pair<const unsigned char, chip::OptionalQRCodeInfoExtension> >; _Compare = std::less<unsigned char>; _Alloc = std::allocator<std::pair<const unsigned char, chip::OptionalQRCodeInfoExtension> >]	24	static
/home/realtek/extra_space/hank/Google_interop_20220118/ambz2_sdk/project/realtek_amebaz2_v0_example/GCC-RELEASE/../../../third_party/connectedhomeip/src/setup_payload/SetupPayload.h:168:7:chip::SetupPayload::SetupPayload(const chip::SetupPayload&)	16	static
/home/realtek/extra_space/hank/Google_interop_20220118/ambz2_sdk/project/realtek_amebaz2_v0_example/GCC-RELEASE/../../../third_party/connectedhomeip/src/setup_payload/SetupPayload.h:168:7:chip::SetupPayload::~SetupPayload()	8	static
/home/realtek/extra_space/hank/Google_interop_20220118/ambz2_sdk/project/realtek_amebaz2_v0_example/GCC-RELEASE/../../../third_party/connectedhomeip/examples/thermostat/ameba/main/chipinterface.cpp:89:6:void GetGatewayIP(char*, size_t)	16	static
/home/realtek/extra_space/hank/Google_interop_20220118/ambz2_sdk/project/realtek_amebaz2_v0_example/GCC-RELEASE/../../../third_party/connectedhomeip/examples/thermostat/ameba/main/chipinterface.cpp:97:6:bool isRendezvousBLE()	0	static
/home/realtek/extra_space/hank/Google_interop_20220118/ambz2_sdk/project/realtek_amebaz2_v0_example/GCC-RELEASE/../../../third_party/connectedhomeip/examples/thermostat/ameba/main/chipinterface.cpp:103:13:std::string createSetupPayload()	208	static
/home/realtek/extra_space/hank/Google_interop_20220118/ambz2_sdk/project/realtek_amebaz2_v0_example/GCC-RELEASE/../../../third_party/connectedhomeip/examples/thermostat/ameba/main/chipinterface.cpp:291:6:bool lowPowerClusterSleep()	0	static
/home/realtek/extra_space/hank/Google_interop_20220118/ambz2_sdk/tools/arm-none-eabi-gcc/asdk/linux/newlib/arm-none-eabi/include/c++/10.3.0/bits/stl_vector.h:333:7:std::_Vector_base<_Tp, _Alloc>::~_Vector_base() [with _Tp = char; _Alloc = std::allocator<char>]	8	static
/home/realtek/extra_space/hank/Google_interop_20220118/ambz2_sdk/project/realtek_amebaz2_v0_example/GCC-RELEASE/../../../third_party/connectedhomeip/examples/thermostat/ameba/main/chipinterface.cpp:243:17:void ChipTest()	64	static
/home/realtek/extra_space/hank/Google_interop_20220118/ambz2_sdk/project/realtek_amebaz2_v0_example/GCC-RELEASE/../../../third_party/connectedhomeip/examples/thermostat/ameba/main/include/DeviceCallbacks.h:33:7:virtual DeviceCallbacks::~DeviceCallbacks()	8	static
/home/realtek/extra_space/hank/Google_interop_20220118/ambz2_sdk/project/realtek_amebaz2_v0_example/GCC-RELEASE/../../../third_party/connectedhomeip/examples/thermostat/ameba/main/chipinterface.cpp:294:1:cpp)	40	static
