/home/realtek/extra_space/hank/Google_interop_20220118/ambz2_sdk/project/realtek_amebaz2_v0_example/GCC-RELEASE/../../../third_party/connectedhomeip/examples/thermostat/ameba/main/include/DeviceCallbacks.h:33:7:DeviceCallbacks::~DeviceCallbacks()	0	static
/home/realtek/extra_space/hank/Google_interop_20220118/ambz2_sdk/project/realtek_amebaz2_v0_example/GCC-RELEASE/../../../third_party/connectedhomeip/examples/thermostat/ameba/main/include/DeviceCallbacks.h:33:7:virtual DeviceCallbacks::~DeviceCallbacks()	8	static
/home/realtek/extra_space/hank/Google_interop_20220118/ambz2_sdk/project/realtek_amebaz2_v0_example/GCC-RELEASE/../../../third_party/connectedhomeip/examples/thermostat/ameba/main/DeviceCallbacks.cpp:101:6:void DeviceCallbacks::OnInternetConnectivityChange(const chip::DeviceLayer::ChipDeviceEvent*)	16	static
/home/realtek/extra_space/hank/Google_interop_20220118/ambz2_sdk/project/realtek_amebaz2_v0_example/GCC-RELEASE/../../../third_party/connectedhomeip/examples/thermostat/ameba/main/DeviceCallbacks.cpp:123:6:void DeviceCallbacks::OnSessionEstablished(const chip::DeviceLayer::ChipDeviceEvent*)	0	static
/home/realtek/extra_space/hank/Google_interop_20220118/ambz2_sdk/project/realtek_amebaz2_v0_example/GCC-RELEASE/../../../third_party/connectedhomeip/examples/thermostat/ameba/main/DeviceCallbacks.cpp:54:6:virtual void DeviceCallbacks::DeviceEventCallback(const chip::DeviceLayer::ChipDeviceEvent*, intptr_t)	4	static
/home/realtek/extra_space/hank/Google_interop_20220118/ambz2_sdk/project/realtek_amebaz2_v0_example/GCC-RELEASE/../../../third_party/connectedhomeip/examples/thermostat/ameba/main/DeviceCallbacks.cpp:131:6:void IdentifyTimerHandler(chip::System::Layer*, void*, CHIP_ERROR)	0	static
/home/realtek/extra_space/hank/Google_interop_20220118/ambz2_sdk/project/realtek_amebaz2_v0_example/GCC-RELEASE/../../../third_party/connectedhomeip/examples/thermostat/ameba/main/DeviceCallbacks.cpp:139:6:void DeviceCallbacks::OnIdentifyPostAttributeChangeCallback(chip::EndpointId, chip::AttributeId, uint8_t*)	16	static
/home/realtek/extra_space/hank/Google_interop_20220118/ambz2_sdk/project/realtek_amebaz2_v0_example/GCC-RELEASE/../../../third_party/connectedhomeip/examples/thermostat/ameba/main/DeviceCallbacks.cpp:153:6:void DeviceCallbacks::Thermostat_PostAttributeChangeCallback(chip::EndpointId, chip::AttributeId, uint8_t*)	24	static
/home/realtek/extra_space/hank/Google_interop_20220118/ambz2_sdk/project/realtek_amebaz2_v0_example/GCC-RELEASE/../../../third_party/connectedhomeip/examples/thermostat/ameba/main/DeviceCallbacks.cpp:79:6:virtual void DeviceCallbacks::PostAttributeChangeCallback(chip::EndpointId, chip::ClusterId, chip::AttributeId, uint8_t, uint8_t, uint16_t, uint8_t*)	32	static
/home/realtek/extra_space/hank/Google_interop_20220118/ambz2_sdk/project/realtek_amebaz2_v0_example/GCC-RELEASE/../../../third_party/connectedhomeip/examples/thermostat/ameba/main/DeviceCallbacks.cpp:178:6:bool emberAfBasicClusterMfgSpecificPingCallback(chip::app::CommandHandler*)	8	static
